// Jest Snapshot v1, https://goo.gl/fbAQLP

exports[`<CartItem /> matches snapshot 1`] = `
<div>
  <h4
    className="cart-item-title"
  >
    fake-title
  </h4>
  <div
    className="cart-item-controls"
  >
    <button
      className="cart-item-update-qty-button"
      onClick={[Function]}
    >
      -
    </button>
    <span
      className="cart-item-qty"
    />
    <button
      className="cart-item-update-qty-button"
      onClick={[Function]}
    >
      +
    </button>
    <button
      className="cart-item-remove-button"
      onClick={[Function]}
    >
      Remove Item
    </button>
  </div>
</div>
`;
